******************************************************************************
                  TI ARM Linker PC v20.2.7                     
******************************************************************************
>> Linked Thu Nov 28 09:06:01 2024

OUTPUT FILE NAME:   <DRIVERS.out>
ENTRY POINT SYMBOL: "_c_int00_noargs"  address: 000008ad


MEMORY CONFIGURATION

         name            origin    length      used     unused   attr    fill
----------------------  --------  ---------  --------  --------  ----  --------
  FLASH                 00000000   00040000  00000932  0003f6ce  R  X
  SRAM                  20000000   00008000  00000205  00007dfb  RW X


SEGMENT ALLOCATION MAP

run origin  load origin   length   init length attrs members
----------  ----------- ---------- ----------- ----- -------
00000000    00000000    00000938   00000938    r-x
  00000000    00000000    0000026c   0000026c    r-- .intvecs
  0000026c    0000026c    000006ae   000006ae    r-x .text
  00000920    00000920    00000018   00000018    r-- .cinit
20000000    20000000    00000205   00000000    rw-
  20000000    20000000    00000200   00000000    rw- .stack
  20000200    20000200    00000005   00000000    rw- .data


SECTION ALLOCATION MAP

 output                                  attributes/
section   page    origin      length       input sections
--------  ----  ----------  ----------   ----------------
.intvecs   0    00000000    0000026c     
                  00000000    0000026c     tm4c123gh6pm_startup_ccs.obj (.intvecs)

.text      0    0000026c    000006ae     
                  0000026c    0000021c     main_app1.obj (.text)
                  00000488    00000210     NVIC.obj (.text)
                  00000698    000000cc     Systick.obj (.text)
                  00000764    0000009c     rtsv7M4_T_le_v4SPD16_eabi.lib : memcpy_t2.asm.obj (.text)
                  00000800    00000068                                   : copy_decompress_lzss.c.obj (.text:decompress:lzss:__TI_decompress_lzss)
                  00000868    00000044                                   : autoinit.c.obj (.text:__TI_auto_init_nobinit_nopinit:__TI_auto_init_nobinit_nopinit)
                  000008ac    00000034                                   : boot_cortex_m.c.obj (.text:_c_int00_noargs:_c_int00_noargs)
                  000008e0    00000018                                   : ll_mul_t2.asm.obj (.text)
                  000008f8    0000000e                                   : copy_decompress_none.c.obj (.text:decompress:none:__TI_decompress_none)
                  00000906    0000000c     tm4c123gh6pm_startup_ccs.obj (.text)
                  00000912    00000004     rtsv7M4_T_le_v4SPD16_eabi.lib : pre_init.c.obj (.text:_system_pre_init)
                  00000916    00000004                                   : exit.c.obj (.text:abort:abort)

.cinit     0    00000920    00000018     
                  00000920    00000008     (__TI_handler_table)
                  00000928    00000007     (.cinit..data.load) [load image, compression = lzss]
                  0000092f    00000001     --HOLE-- [fill = 0]
                  00000930    00000008     (__TI_cinit_table)

.init_array 
*          0    00000000    00000000     UNINITIALIZED

.data      0    20000200    00000005     UNINITIALIZED
                  20000200    00000004     Systick.obj (.data)
                  20000204    00000001     main_app1.obj (.data)

.stack     0    20000000    00000200     UNINITIALIZED
                  20000000    00000004     rtsv7M4_T_le_v4SPD16_eabi.lib : boot_cortex_m.c.obj (.stack)
                  20000004    000001fc     --HOLE--

__llvm_prf_cnts 
*          0    20000000    00000000     UNINITIALIZED

MODULE SUMMARY

       Module                         code   ro data   rw data
       ------                         ----   -------   -------
    .\
       tm4c123gh6pm_startup_ccs.obj   12     620       0      
       main_app1.obj                  540    0         1      
       NVIC.obj                       528    0         0      
       Systick.obj                    204    0         4      
    +--+------------------------------+------+---------+---------+
       Total:                         1284   620       5      
                                                              
    C:\ti\ccs1281\ccs\tools\compiler\ti-cgt-arm_20.2.7.LTS\lib\rtsv7M4_T_le_v4SPD16_eabi.lib
       memcpy_t2.asm.obj              156    0         0      
       copy_decompress_lzss.c.obj     104    0         0      
       autoinit.c.obj                 68     0         0      
       boot_cortex_m.c.obj            52     0         0      
       ll_mul_t2.asm.obj              24     0         0      
       copy_decompress_none.c.obj     14     0         0      
       exit.c.obj                     4      0         0      
       pre_init.c.obj                 4      0         0      
    +--+------------------------------+------+---------+---------+
       Total:                         426    0         0      
                                                              
       Stack:                         0      0         512    
       Linker Generated:              0      23        0      
    +--+------------------------------+------+---------+---------+
       Grand Total:                   1710   643       517    


LINKER GENERATED COPY TABLES

__TI_cinit_table @ 00000930 records: 1, size/record: 8, table size: 8
	.data: load addr=00000928, load size=00000007 bytes, run addr=20000200, run size=00000005 bytes, compression=lzss


LINKER GENERATED HANDLER TABLE

__TI_handler_table @ 00000920 records: 2, size/record: 4, table size: 8
	index: 0, handler: __TI_decompress_lzss
	index: 1, handler: __TI_decompress_none


GLOBAL SYMBOLS: SORTED ALPHABETICALLY BY Name 

address   name                          
-------   ----                          
00000917  C$$EXIT                       
0000026d  Delay_MS                      
000002ad  GPIOPortF_Handler             
0000036d  Leds_Init                     
000005a3  NVIC_DisableException         
000004cb  NVIC_DisableIRQ               
0000055f  NVIC_EnableException          
00000489  NVIC_EnableIRQ                
000005e7  NVIC_SetPriorityException     
0000050d  NVIC_SetPriorityIRQ           
00000907  ResetISR                      
000002dd  SW2_Init                      
000003ab  SysTick_CallBackFunc          
0000072b  SysTick_DeInit                
00000745  SysTick_Handler               
00000699  SysTick_Init                  
00000703  SysTick_SetCallBack           
00000713  SysTick_Start                 
000006c5  SysTick_StartBusyWait         
0000071f  SysTick_Stop                  
20000200  __STACK_END                   
00000200  __STACK_SIZE                  
20000200  __STACK_TOP                   
00000930  __TI_CINIT_Base               
00000938  __TI_CINIT_Limit              
00000920  __TI_Handler_Table_Base       
00000928  __TI_Handler_Table_Limit      
00000869  __TI_auto_init_nobinit_nopinit
00000801  __TI_decompress_lzss          
000008f9  __TI_decompress_none          
ffffffff  __TI_pprof_out_hndl           
ffffffff  __TI_prof_data_size           
ffffffff  __TI_prof_data_start          
00000000  __TI_static_base__            
000008e1  __aeabi_lmul                  
00000765  __aeabi_memcpy                
00000765  __aeabi_memcpy4               
00000765  __aeabi_memcpy8               
ffffffff  __binit__                     
ffffffff  __c_args__                    
UNDEFED   __mpu_init                    
20000000  __stack                       
20000000  __start___llvm_prf_cnts       
20000000  __stop___llvm_prf_cnts        
000008ad  _c_int00_noargs               
UNDEFED   _system_post_cinit            
00000913  _system_pre_init              
00000917  abort                         
ffffffff  binit                         
20000204  g_Counter                     
00000000  g_pfnVectors                  
00000405  main                          
00000765  memcpy                        


GLOBAL SYMBOLS: SORTED BY Symbol Address 

address   name                          
-------   ----                          
00000000  __TI_static_base__            
00000000  g_pfnVectors                  
00000200  __STACK_SIZE                  
0000026d  Delay_MS                      
000002ad  GPIOPortF_Handler             
000002dd  SW2_Init                      
0000036d  Leds_Init                     
000003ab  SysTick_CallBackFunc          
00000405  main                          
00000489  NVIC_EnableIRQ                
000004cb  NVIC_DisableIRQ               
0000050d  NVIC_SetPriorityIRQ           
0000055f  NVIC_EnableException          
000005a3  NVIC_DisableException         
000005e7  NVIC_SetPriorityException     
00000699  SysTick_Init                  
000006c5  SysTick_StartBusyWait         
00000703  SysTick_SetCallBack           
00000713  SysTick_Start                 
0000071f  SysTick_Stop                  
0000072b  SysTick_DeInit                
00000745  SysTick_Handler               
00000765  __aeabi_memcpy                
00000765  __aeabi_memcpy4               
00000765  __aeabi_memcpy8               
00000765  memcpy                        
00000801  __TI_decompress_lzss          
00000869  __TI_auto_init_nobinit_nopinit
000008ad  _c_int00_noargs               
000008e1  __aeabi_lmul                  
000008f9  __TI_decompress_none          
00000907  ResetISR                      
00000913  _system_pre_init              
00000917  C$$EXIT                       
00000917  abort                         
00000920  __TI_Handler_Table_Base       
00000928  __TI_Handler_Table_Limit      
00000930  __TI_CINIT_Base               
00000938  __TI_CINIT_Limit              
20000000  __stack                       
20000000  __start___llvm_prf_cnts       
20000000  __stop___llvm_prf_cnts        
20000200  __STACK_END                   
20000200  __STACK_TOP                   
20000204  g_Counter                     
ffffffff  __TI_pprof_out_hndl           
ffffffff  __TI_prof_data_size           
ffffffff  __TI_prof_data_start          
ffffffff  __binit__                     
ffffffff  __c_args__                    
ffffffff  binit                         
UNDEFED   __mpu_init                    
UNDEFED   _system_post_cinit            

[53 symbols]
